Microchip MPLAB XC8 Compiler V2.50

Linker command line:

-W-3 \
  --edf=C:\Program Files\Microchip\xc8\v2.50\pic\dat\20240725155939_en.msgs \
  -cn -h+dist/default/production\MINI_PROJECT.X.production.sym \
  --cmf=dist/default/production\MINI_PROJECT.X.production.cmf -z -Q16F877A \
  -oC:\Users\GNKRIS~1\AppData\Local\Temp\xcAs2f8.\driver_tmp_3.o \
  --defsym=__MPLAB_BUILD=1 --fixupoverflow=error \
  -Mdist/default/production/MINI_PROJECT.X.production.map \
  --md=C:\Users\GNKRIS~1\AppData\Local\Temp\xcAs2f8.\driver_tmp_0.dat -E1 \
  -ver=XC8 Compiler --acfsm=1493 -ACODE=00h-07FFhx4 -ASTRCODE=00h-01FFFh \
  -ASTRING=00h-0FFhx32 -ACONST=00h-0FFhx32 -AENTRY=00h-0FFhx32 \
  -ACOMMON=070h-07Fh -ABANK0=020h-06Fh -ABANK1=0A0h-0EFh \
  -ABANK2=0110h-016Fh -ABANK3=0190h-01EFh \
  -ARAM=020h-06Fh,0A0h-0EFh,0110h-016Fh,0190h-01EFh \
  -AABS1=020h-07Fh,0A0h-0EFh,0110h-016Fh,0190h-01EFh -ASFR0=00h-01Fh \
  -ASFR1=080h-09Fh -ASFR2=0100h-010Fh -ASFR3=0180h-018Fh \
  -ACONFIG=02007h-02007h -DCONFIG=2 -AIDLOC=02000h-02003h -DIDLOC=2 \
  -AEEDATA=00h-0FFh/02100h -peeprom_data=EEDATA -DEEDATA=2 -DCODE=2 \
  -DSTRCODE=2 -DSTRING=2 -DCONST=2 -DENTRY=2 \
  -preset_vec=00h,intentry,sivt,init,end_init -ppowerup=CODE -pcinit=CODE \
  -pfunctab=ENTRY -k \
  C:\Users\GNKRIS~1\AppData\Local\Temp\xcAs2f8.\driver_tmp_12.o \
  dist/default/production\MINI_PROJECT.X.production.o 

Object code version is 3.11

Machine type is 16F877A



                Name                               Link     Load   Length Selector   Space Scale
C:\Users\GNKRIS~1\AppData\Local\Temp\xcAs2f8.\driver_tmp_12.o
                end_init                              0        0        3        0       0
                config                             2007     2007        1        0       4
dist/default/production\MINI_PROJECT.X.production.o
                cinit                               7F8      7F8        8      FF0       0
                config                             2007     2007        1        0       4
                text19                              252      252       22      4A4       0
                text18                              238      238       1A      470       0
                text17                              1F0      1F0        D      3E0       0
                text16                              475      475       5D      8EA       0
                text15                              349      349       46      692       0
                text14                              307      307       42      60E       0
                text13                              2CF      2CF       38      59E       0
                text12                              3D7      3D7       49      7AE       0
                text11                              274      274       25      4E8       0
                text10                              6B4      6B4      144      D68       0
                text9                               38F      38F       48      71E       0
                text8                               299      299       36      532       0
                text7                               626      626       8E      C4C       0
                text6                               220      220       18      440       0
                text5                               20D      20D       13      41A       0
                text4                               420      420       55      840       0
                text3                               1FD      1FD       10      3FA       0
                text2                               4D2      4D2       64      9A4       0
                text1                               536      536       75      A6C       0
                maintext                            5AB      5AB       7B      B56       0
                cstackBANK0                          20       20       11       20       1
                cstackCOMMON                         70       70        E       70       1
                bssBANK0                             31       31        2       20       1
                strings                               3        3       4D        6       0

TOTAL           Name                               Link     Load   Length     Space
        CLASS   CODE           
                end_init                              0        0        3         0
                cinit                               7F8      7F8        8         0
                text19                              252      252       22         0
                text18                              238      238       1A         0
                text17                              1F0      1F0        D         0
                text16                              475      475       5D         0
                text15                              349      349       46         0
                text14                              307      307       42         0
                text13                              2CF      2CF       38         0
                text12                              3D7      3D7       49         0
                text11                              274      274       25         0
                text10                              6B4      6B4      144         0
                text9                               38F      38F       48         0
                text8                               299      299       36         0
                text7                               626      626       8E         0
                text6                               220      220       18         0
                text5                               20D      20D       13         0
                text4                               420      420       55         0
                text3                               1FD      1FD       10         0
                text2                               4D2      4D2       64         0
                text1                               536      536       75         0
                maintext                            5AB      5AB       7B         0

        CLASS   STRCODE        

        CLASS   STRING         
                strings                               3        3       4D         0

        CLASS   CONST          

        CLASS   ENTRY          

        CLASS   COMMON         
                cstackCOMMON                         70       70        E         1

        CLASS   BANK0          
                cstackBANK0                          20       20       11         1
                bssBANK0                             31       31        2         1

        CLASS   BANK1          

        CLASS   BANK2          

        CLASS   BANK3          

        CLASS   RAM            

        CLASS   ABS1           
                abs_s1                               7E       7E        2         1

        CLASS   SFR0           

        CLASS   SFR1           

        CLASS   SFR2           

        CLASS   SFR3           

        CLASS   CONFIG         
                config                             2007     2007        1         4

        CLASS   IDLOC          

        CLASS   EEDATA         

        CLASS   HEAP           

        CLASS   STACK          



SEGMENTS        Name                           Load    Length   Top    Selector   Space  Class     Delta

                reset_vec                      000000  000003  000003         0       0  CODE        2
                strings                        000003  00004D  000050         6       0  STRING      2
                cstackBANK0                    000020  000013  000033        20       1  BANK0       1
                cstackCOMMON                   000070  00000E  00007E        70       1  COMMON      1
                text17                         0001F0  00000D  0001FD       3E0       0  CODE        2
                text3                          0001FD  000010  00020D       3FA       0  CODE        2
                text5                          00020D  000013  000220       41A       0  CODE        2
                text6                          000220  000018  000238       440       0  CODE        2
                text18                         000238  00001A  000252       470       0  CODE        2
                text19                         000252  000022  000274       4A4       0  CODE        2
                text11                         000274  000025  000299       4E8       0  CODE        2
                text8                          000299  000036  0002CF       532       0  CODE        2
                text13                         0002CF  000038  000307       59E       0  CODE        2
                text14                         000307  000042  000349       60E       0  CODE        2
                text15                         000349  000046  00038F       692       0  CODE        2
                text9                          00038F  000048  0003D7       71E       0  CODE        2
                text12                         0003D7  000049  000420       7AE       0  CODE        2
                text4                          000420  000055  000475       840       0  CODE        2
                text16                         000475  00005D  0004D2       8EA       0  CODE        2
                text2                          0004D2  000064  000536       9A4       0  CODE        2
                text1                          000536  000075  0005AB       A6C       0  CODE        2
                maintext                       0005AB  00007B  000626       B56       0  CODE        2
                text7                          000626  00008E  0006B4       C4C       0  CODE        2
                text10                         0006B4  000144  0007F8       D68       0  CODE        2
                cinit                          0007F8  000008  000800       FF0       0  CODE        2


UNUSED ADDRESS RANGES

        Name                Unused          Largest block    Delta
        BANK0            0033-006F             3D           1
        BANK1            00A0-00EF             50           1
        BANK2            0110-016F             60           1
        BANK3            0190-01EF             60           1
        CODE             0050-01EF            1A0           2
                         0800-1FFF            800
        CONST            0050-01EF             B0           2
                         0800-1FFF            100
        EEDATA           2100-21FF            100           2
        ENTRY            0050-01EF             B0           2
                         0800-1FFF            100
        IDLOC            2000-2003              4           2
        RAM              0033-006F             3D           1
                         00A0-00EF             50
                         0110-016F             60
                         0190-01EF             60
        SFR0             0000-001F             20           1
        SFR1             0080-009F             20           1
        SFR2             0100-010F             10           1
        SFR3             0180-018F             10           1
        STRCODE          0050-01EF            1A0           2
                         0800-1FFF           1800
        STRING           0050-01EF             B0           2
                         0800-1FFF            100

                                  Symbol Table

?___lldiv                     cstackCOMMON 0070
?___lwdiv                     cstackCOMMON 0076
?___lwmod                     cstackCOMMON 0070
?___wmul                      cstackCOMMON 0070
?_calculate_lpg_ppm           cstackBANK0  0020
?_read_adc                    cstackBANK0  0020
Lcd_Cmd@a                     cstackCOMMON 0073
Lcd_Print_Char@Lower_Nibble   cstackCOMMON 0072
Lcd_Print_Char@Upper_Nibble   cstackCOMMON 0073
Lcd_Print_Char@data           cstackCOMMON 0074
Lcd_Print_Char@i              cstackCOMMON 0075
Lcd_Print_Char@i_169          cstackCOMMON 0077
Lcd_Print_Number@buffer       cstackBANK0  0025
Lcd_Print_Number@i            cstackBANK0  002A
Lcd_Print_Number@num          cstackBANK0  0022
Lcd_Print_String@a            cstackCOMMON 0079
Lcd_Print_String@i            cstackBANK0  0020
Lcd_SetBit@data_bit           cstackCOMMON 0070
Lcd_Set_Cursor@a              cstackCOMMON 0076
Lcd_Set_Cursor@b              cstackCOMMON 0074
Lcd_Set_Cursor@temp           cstackCOMMON 0079
Lcd_Set_Cursor@y              cstackCOMMON 0078
Lcd_Set_Cursor@z              cstackCOMMON 0077
_ADCON0                       (abs)        001F
_ADCON1                       (abs)        009F
_ADRESH                       (abs)        001E
_ADRESL                       (abs)        009E
_CCP1CON                      (abs)        0017
_CCP1CONbits                  (abs)        0017
_CCPR1L                       (abs)        0015
_Lcd_Clear                    text17       01F0
_Lcd_Cmd                      text18       0238
_Lcd_Print_Char               text16       0475
_Lcd_Print_Number             text12       03D7
_Lcd_Print_String             text15       0349
_Lcd_SetBit                   text19       0252
_Lcd_Set_Cursor               text9        038F
_Lcd_Start                    text4        0420
_PORTCbits                    (abs)        0007
_PR2                          (abs)        0092
_RD2                          (abs)        0042
_RD3                          (abs)        0043
_RD4                          (abs)        0044
_RD5                          (abs)        0045
_RD6                          (abs)        0046
_RD7                          (abs)        0047
_T2CON                        (abs)        0012
_TRISCbits                    (abs)        0087
_TRISD                        (abs)        0088
__H__absolute__               __absolute__ 0000
__Habs1                       abs1         0000
__Hbank0                      bank0        0000
__Hbank1                      bank1        0000
__Hbank2                      bank2        0000
__Hbank3                      bank3        0000
__HbssBANK0                   bssBANK0     0000
__Hcinit                      cinit        0800
__Hclrtext                    clrtext      0000
__Hcode                       code         0000
__Hcommon                     common       0000
__Hconfig                     config       2008
__HcstackBANK0                cstackBANK0  0000
__HcstackCOMMON               cstackCOMMON 0000
__Heeprom_data                eeprom_data  0000
__Hend_init                   end_init     0003
__Hfunctab                    functab      0000
__Hheap                       heap         0000
__Hinit                       init         0000
__Hintentry                   intentry     0000
__Hmaintext                   maintext     0000
__Hpowerup                    powerup      0000
__Hram                        ram          0000
__Hreset_vec                  reset_vec    0000
__Hsfr0                       sfr0         0000
__Hsfr1                       sfr1         0000
__Hsfr2                       sfr2         0000
__Hsfr3                       sfr3         0000
__Hsivt                       sivt         0000
__Hspace_0                    (abs)        0800
__Hspace_1                    (abs)        007E
__Hspace_2                    (abs)        0000
__Hspace_3                    (abs)        0000
__Hspace_4                    (abs)        400F
__Hstack                      stack        0000
__Hstrings                    strings      0000
__Htext                       text         0000
__L__absolute__               __absolute__ 0000
__Labs1                       abs1         0000
__Lbank0                      bank0        0000
__Lbank1                      bank1        0000
__Lbank2                      bank2        0000
__Lbank3                      bank3        0000
__LbssBANK0                   bssBANK0     0000
__Lcinit                      cinit        07F8
__Lclrtext                    clrtext      0000
__Lcode                       code         0000
__Lcommon                     common       0000
__Lconfig                     config       0000
__LcstackBANK0                cstackBANK0  0000
__LcstackCOMMON               cstackCOMMON 0000
__Leeprom_data                eeprom_data  0000
__Lend_init                   end_init     0000
__Lfunctab                    functab      0000
__Lheap                       heap         0000
__Linit                       init         0000
__Lintentry                   intentry     0000
__Lmaintext                   maintext     0000
__Lpowerup                    powerup      0000
__Lram                        ram          0000
__Lreset_vec                  reset_vec    0000
__Lsfr0                       sfr0         0000
__Lsfr1                       sfr1         0000
__Lsfr2                       sfr2         0000
__Lsfr3                       sfr3         0000
__Lsivt                       sivt         0000
__Lspace_0                    (abs)        0000
__Lspace_1                    (abs)        0000
__Lspace_2                    (abs)        0000
__Lspace_3                    (abs)        0000
__Lspace_4                    (abs)        0000
__Lstack                      stack        0000
__Lstrings                    strings      0000
__Ltext                       text         0000
__S0                          (abs)        0800
__S1                          (abs)        007E
__S3                          (abs)        0000
___heap_hi                    (abs)        0000
___heap_lo                    (abs)        0000
___int_sp                     stack        0000
___int_stack_hi               stack        0000
___int_stack_lo               stack        0000
___latbits                    (abs)        0002
___lldiv                      text2        04D2
___lldiv@counter              cstackCOMMON 007D
___lldiv@dividend             cstackCOMMON 0074
___lldiv@divisor              cstackCOMMON 0070
___lldiv@quotient             cstackCOMMON 0079
___lwdiv                      text14       0307
___lwdiv@counter              cstackCOMMON 007C
___lwdiv@dividend             cstackCOMMON 0078
___lwdiv@divisor              cstackCOMMON 0076
___lwdiv@quotient             cstackCOMMON 007A
___lwmod                      text13       02CF
___lwmod@counter              cstackCOMMON 0074
___lwmod@dividend             cstackCOMMON 0072
___lwmod@divisor              cstackCOMMON 0070
___sp                         stack        0000
___stack_hi                   stack        0000
___stack_lo                   stack        0000
___stackhi                    (abs)        0000
___stacklo                    (abs)        0000
___wmul                       text11       0274
___wmul@multiplicand          cstackCOMMON 0072
___wmul@multiplier            cstackCOMMON 0070
___wmul@product               cstackCOMMON 0074
__end_of_Lcd_Clear            text17       01FD
__end_of_Lcd_Cmd              text18       0252
__end_of_Lcd_Print_Char       text16       04D2
__end_of_Lcd_Print_Number     text12       0420
__end_of_Lcd_Print_String     text15       038F
__end_of_Lcd_SetBit           text19       0274
__end_of_Lcd_Set_Cursor       text9        03D7
__end_of_Lcd_Start            text4        0475
__end_of___lldiv              text2        0536
__end_of___lwdiv              text14       0349
__end_of___lwmod              text13       0307
__end_of___wmul               text11       0299
__end_of__initialization      cinit        07FC
__end_of__stringtab           strings      0013
__end_of_calculate_lpg_ppm    text10       07F8
__end_of_check_gas_level      text7        06B4
__end_of_delay_ms             text6        0238
__end_of_init_pwm             text5        0220
__end_of_init_system          text3        020D
__end_of_main                 maintext     0626
__end_of_ppm_lookup           strings      0027
__end_of_pwm_set_duty         text8        02CF
__end_of_read_adc             text1        05AB
__initialization              cinit        07F8
__pbssBANK0                   bssBANK0     0031
__pcstackBANK0                cstackBANK0  0020
__pcstackCOMMON               cstackCOMMON 0070
__pmaintext                   maintext     05AB
__pstrings                    strings      0003
__ptext1                      text1        0536
__ptext10                     text10       06B4
__ptext11                     text11       0274
__ptext12                     text12       03D7
__ptext13                     text13       02CF
__ptext14                     text14       0307
__ptext15                     text15       0349
__ptext16                     text16       0475
__ptext17                     text17       01F0
__ptext18                     text18       0238
__ptext19                     text19       0252
__ptext2                      text2        04D2
__ptext3                      text3        01FD
__ptext4                      text4        0420
__ptext5                      text5        020D
__ptext6                      text6        0220
__ptext7                      text7        0626
__ptext8                      text8        0299
__ptext9                      text9        038F
__stringbase                  strings      0012
__stringtab                   strings      0003
_calculate_lpg_ppm            text10       06B4
_check_gas_level              text7        0626
_delay_ms                     text6        0220
_gas_alert_counter            bssBANK0     0031
_init_pwm                     text5        020D
_init_system                  text3        01FD
_main                         maintext     05AB
_ppm_lookup                   strings      0013
_pwm_set_duty                 text8        0299
_read_adc                     text1        0536
btemp                         (abs)        007E
calculate_lpg_ppm@adc_value   cstackBANK0  0020
calculate_lpg_ppm@rs          cstackBANK0  0024
calculate_lpg_ppm@rs_ro_ratio cstackBANK0  0028
calculate_lpg_ppm@voltage_mv  cstackBANK0  0026
check_gas_level@gas_value     cstackBANK0  0025
delay_ms@ms                   cstackCOMMON 0070
end_of_initialization         cinit        07FC
intlevel0                     functab      0000
intlevel1                     functab      0000
intlevel2                     functab      0000
intlevel3                     functab      0000
intlevel4                     functab      0000
intlevel5                     functab      0000
main@LPG_ppm                  cstackBANK0  002D
main@gas_value                cstackBANK0  002F
pwm_set_duty@duty             cstackBANK0  0020
read_adc@channel              cstackBANK0  0026
read_adc@i                    cstackBANK0  002B
read_adc@sum                  cstackBANK0  0027
reset_vec                     reset_vec    0000
start                         init         0000
start_initialization          cinit        07F8
wtemp0                        (abs)        007E


MODULE INFORMATION

Module		Function		Class		Link	Load	Size
C:/Users/GNKRISHNAN/MPLABXProjects/MINI_PROJECT.X/final.c
		_pwm_set_duty  		CODE           	0299	0000	54
		_init_system   		CODE           	01FD	0000	16
		_main          		CODE           	05AB	0000	123
		_calculate_lpg_ppm		CODE           	06B4	0000	324
		_check_gas_level		CODE           	0626	0000	142
		_read_adc      		CODE           	0536	0000	117
		_delay_ms      		CODE           	0220	0000	24
		_init_pwm      		CODE           	020D	0000	19
		_Lcd_Print_Number		CODE           	03D7	0000	73

C:/Users/GNKRISHNAN/MPLABXProjects/MINI_PROJECT.X/final.c estimated size: 892

C:\Program Files\Microchip\xc8\v2.50\pic\sources\c99\common\Umul16.c
		___wmul        		CODE           	0274	0000	37

C:\Program Files\Microchip\xc8\v2.50\pic\sources\c99\common\Umul16.c estimated size: 37

C:\Program Files\Microchip\xc8\v2.50\pic\sources\c99\common\lwmod.c
		___lwmod       		CODE           	02CF	0000	56

C:\Program Files\Microchip\xc8\v2.50\pic\sources\c99\common\lwmod.c estimated size: 56

C:\Program Files\Microchip\xc8\v2.50\pic\sources\c99\common\__lldiv.c
		___lldiv       		CODE           	04D2	0000	100

C:\Program Files\Microchip\xc8\v2.50\pic\sources\c99\common\__lldiv.c estimated size: 100

shared
		__stringtab    		STRING         	0003	0000	16
		__initialization		CODE           	07F8	0000	4
		_ppm_lookup    		STRING         	0013	0000	20

shared estimated size: 40

C:\Program Files\Microchip\xc8\v2.50\pic\sources\c99\common\lwdiv.c
		___lwdiv       		CODE           	0307	0000	66

C:\Program Files\Microchip\xc8\v2.50\pic\sources\c99\common\lwdiv.c estimated size: 66

C:\Users\GNKRISHNAN\Documents\CODING\23EEE214_MCA\HEADERS\lcd.h
		_Lcd_Cmd       		CODE           	0238	0000	26
		_Lcd_SetBit    		CODE           	0252	0000	34
		_Lcd_Start     		CODE           	0420	0000	85
		_Lcd_Set_Cursor		CODE           	038F	0000	72
		_Lcd_Clear     		CODE           	01F0	0000	13
		_Lcd_Print_String		CODE           	0349	0000	70
		_Lcd_Print_Char		CODE           	0475	0000	93

C:\Users\GNKRISHNAN\Documents\CODING\23EEE214_MCA\HEADERS\lcd.h estimated size: 393

